
================================================================================
RELATÓRIO DE TESTES - PROGRAMS MANAGER
================================================================================

Data: 2026-05-02 17:28:38
Duração: 0.50 segundos

RESUMO:
-------
Total de testes: 21
✓ Passou: 4
✗ Falhou: 0
⊘ Pulado: 17
Taxa de sucesso: 19.0%

================================================================================
DETALHES DOS TESTES:
================================================================================

✓ PASSED:
--------------------------------------------------------------------------------

  Módulo: lib.system
  Função: nameSO
  Mensagem: Sistema operacional detectado: Windows


  Módulo: lib.json
  Função: read_json
  Mensagem: JSON lido com sucesso. Keys: ['name', 'description', 'programs']


  Módulo: lib.log
  Função: get_log_file_path
  Mensagem: Caminho do log: C:\Users\user\Downloads\programs-manager\log.log


  Módulo: lib.customizations
  Função: _normalize_startup_name
  Mensagem: Nome normalizado: testprogram


⊘ SKIPPED:
--------------------------------------------------------------------------------

  Módulo: lib.json
  Função: write_json
  Mensagem: Função requer argumentos específicos ou interação do sistema


  Módulo: lib.json
  Função: append_programs
  Mensagem: Função requer argumentos específicos ou interação do sistema


  Módulo: lib.json
  Função: read_local_json_file
  Mensagem: Função requer argumentos específicos ou interação do sistema


  Módulo: lib.json
  Função: save_local_json_file
  Mensagem: Função requer argumentos específicos ou interação do sistema


  Módulo: lib.json
  Função: fetch_repo_bytes
  Mensagem: Função requer argumentos específicos ou interação do sistema


  Módulo: lib.json
  Função: fetch_repo_text
  Mensagem: Função requer argumentos específicos ou interação do sistema


  Módulo: lib.json
  Função: ensure_repo_file
  Mensagem: Função requer argumentos específicos ou interação do sistema


  Módulo: lib.log
  Função: log
  Mensagem: Função requer argumentos específicos ou interação do sistema


  Módulo: lib.log
  Função: start_shared_log_server
  Mensagem: Função requer argumentos específicos ou interação do sistema


  Módulo: lib.log
  Função: get_shared_log_server_url
  Mensagem: Função requer argumentos específicos ou interação do sistema


  Módulo: lib.customizations
  Função: apply_vision_cursor_black
  Mensagem: Função requer argumentos específicos ou interação do sistema


  Módulo: lib.customizations
  Função: disable_startup_programs
  Mensagem: Função requer argumentos específicos ou interação do sistema


  Módulo: lib.customizations
  Função: enable_startup_whitelist
  Mensagem: Função requer argumentos específicos ou interação do sistema


  Módulo: lib.customizations
  Função: save_startup_keys
  Mensagem: Função requer argumentos específicos ou interação do sistema


  Módulo: lib.install.single_instance
  Função: acquire_installation_lock
  Mensagem: Função de lock de processo não testada por segurança


  Módulo: lib.install.single_instance
  Função: release_installation_lock
  Mensagem: Função de lock de processo não testada por segurança


  Módulo: lib.install.single_instance
  Função: is_installation_cancelled
  Mensagem: Função de lock de processo não testada por segurança


================================================================================
FIM DO RELATÓRIO
================================================================================
